Calling http://localhost:8000/api/v1/attendance/logs with params {'search': 'tararaj'}
Status Code: 500
Error: {"detail":"Internal Server Error","error":"(sqlite3.OperationalError) no such column: employees.created_at\n[SQL: SELECT employees.id AS employees_id, employees.company_id AS employees_company_id, employees.emp_code AS employees_emp_code, employees.first_name AS employees_first_name, employees.last_name AS employees_last_name, employees.mobile_no AS employees_mobile_no, employees.email AS employees_email, employees.department AS employees_department, employees.designation AS employees_designation, employees.employee_type AS employees_employee_type, employees.joining_date AS employees_joining_date, employees.status AS employees_status, employees.face_encoding_ref AS employees_face_encoding_ref, employees.is_face_registered AS employees_is_face_registered, employees.created_at AS employees_created_at, employees.updated_at AS employees_updated_at \nFROM employees \nWHERE employees.id = ?]\n[parameters: ('36561831-2ab2-4c15-a73c-b466248b7c5c',)]\n(Background on this error at: https://sqlalche.me/e/20/e3q8)"}
